lv_area.h:76:20:lv_area_copy	16	static
lv_area.h:86:26:lv_area_get_width	16	static
lv_area.h:96:26:lv_area_get_height	16	static
lv_btnm.c:69:12:lv_btnm_create	40	static
lv_btnm.c:145:6:lv_btnm_set_map	80	static
lv_btnm.c:276:6:lv_btnm_set_ctrl_map	32	static
lv_btnm.c:292:6:lv_btnm_set_pressed	32	static
lv_btnm.c:312:6:lv_btnm_set_style	40	static
lv_btnm.c:348:6:lv_btnm_set_recolor	32	static
lv_btnm.c:363:6:lv_btnm_set_btn_ctrl	32	static
lv_btnm.c:380:6:lv_btnm_clear_btn_ctrl	32	static
lv_btnm.c:397:6:lv_btnm_set_btn_ctrl_all	32	static
lv_btnm.c:414:6:lv_btnm_clear_btn_ctrl_all	32	static
lv_btnm.c:434:6:lv_btnm_set_btn_width	32	static
lv_btnm.c:456:6:lv_btnm_set_one_toggle	32	static
lv_btnm.c:476:15:lv_btnm_get_map_array	32	static
lv_btnm.c:489:6:lv_btnm_get_recolor	32	static
lv_btnm.c:504:10:lv_btnm_get_active_btn	32	static
lv_btnm.c:518:14:lv_btnm_get_active_btn_text	32	static
lv_btnm.c:536:10:lv_btnm_get_pressed_btn	32	static
lv_btnm.c:551:14:lv_btnm_get_btn_text	32	static
lv_btnm.c:582:6:lv_btnm_get_btn_ctrl	32	static
lv_btnm.c:598:20:lv_btnm_get_style	32	static
lv_btnm.c:623:6:lv_btnm_get_one_toggle	32	static
lv_btnm.c:646:13:lv_btnm_design	184	static
lv_btnm.c:756:17:lv_btnm_signal	120	static
lv_btnm.c:963:13:allocate_btn_areas_and_controls	32	static
lv_btnm.c:1002:16:get_button_width	24	static
lv_btnm.c:1008:13:button_is_hidden	16	static
lv_btnm.c:1013:13:button_is_repeat_disabled	16	static
lv_btnm.c:1018:13:button_is_inactive	16	static
lv_btnm.c:1023:13:button_is_click_trig	16	static
lv_btnm.c:1028:13:button_is_tgl_enabled	16	static
lv_btnm.c:1033:13:button_get_tgl_state	16	static
lv_btnm.c:1044:17:get_button_from_point	40	static
lv_btnm.c:1068:13:invalidate_button_area	40	static
lv_btnm.c:1094:13:maps_are_identical	24	static
lv_btnm.c:1113:13:make_one_button_toggled	24	static
