lv_color.h:381:24:lv_color_to32	24	static
lv_area.h:76:20:lv_area_copy	16	static
lv_area.h:86:26:lv_area_get_width	16	static
lv_area.h:96:26:lv_area_get_height	16	static
lv_cpicker.c:93:12:lv_cpicker_create	40	static
lv_cpicker.c:165:6:lv_cpicker_set_type	32	static
lv_cpicker.c:185:6:lv_cpicker_set_style	40	static
lv_cpicker.c:208:6:lv_cpicker_set_hue	24	static
lv_cpicker.c:221:6:lv_cpicker_set_saturation	24	static
lv_cpicker.c:234:6:lv_cpicker_set_value	24	static
lv_cpicker.c:247:6:lv_cpicker_set_hsv	32	static
lv_cpicker.c:276:6:lv_cpicker_set_color	24	static
lv_cpicker.c:290:6:lv_cpicker_set_color_mode	32	static
lv_cpicker.c:306:6:lv_cpicker_set_color_mode_fixed	32	static
lv_cpicker.c:320:6:lv_cpicker_set_indic_colored	32	static
lv_cpicker.c:334:6:lv_cpicker_set_preview	32	static
lv_cpicker.c:351:25:lv_cpicker_get_color_mode	32	static
lv_cpicker.c:365:6:lv_cpicker_get_color_mode_fixed	32	static
lv_cpicker.c:380:20:lv_cpicker_get_style	32	static
lv_cpicker.c:404:10:lv_cpicker_get_hue	32	static
lv_cpicker.c:418:9:lv_cpicker_get_saturation	32	static
lv_cpicker.c:432:9:lv_cpicker_get_value	32	static
lv_cpicker.c:446:16:lv_cpicker_get_hsv	32	static
lv_cpicker.c:460:12:lv_cpicker_get_color	32	static
lv_cpicker.c:474:6:lv_cpicker_get_indic_colored	32	static
lv_cpicker.c:488:6:lv_cpicker_get_preview	32	static
lv_cpicker.c:517:13:lv_cpicker_design	32	static
lv_cpicker.c:543:13:draw_disc_grad	168	static
lv_cpicker.c:668:13:draw_rect_grad	128	static
lv_cpicker.c:731:13:draw_indic	104	static
lv_cpicker.c:749:13:invalidate_indic	24	static
lv_cpicker.c:756:18:get_indic_area	48	static
lv_cpicker.c:785:17:lv_cpicker_signal	88	static
lv_cpicker.c:952:13:next_color_mode	24	static
lv_cpicker.c:960:13:refr_indic_pos	48	static
lv_cpicker.c:997:17:double_click_reset	32	static
lv_cpicker.c:1028:19:angle_to_mode_color	32	static
lv_cpicker.c:1048:17:get_angle	24	static
