lv_color.h:435:26:lv_color_mix	24	static
lv_chart.h:241:20:lv_chart_set_style	24	static
lv_chart.c:86:12:lv_chart_create	40	static
lv_chart.c:176:21:lv_chart_add_series	48	static
lv_chart.c:217:6:lv_chart_clear_serie	32	static
lv_chart.c:244:6:lv_chart_set_div_line_count	32	static
lv_chart.c:263:6:lv_chart_set_range	32	static
lv_chart.c:281:6:lv_chart_set_type	32	static
lv_chart.c:298:6:lv_chart_set_point_count	48	static
lv_chart.c:362:6:lv_chart_set_series_opa	32	static
lv_chart.c:378:6:lv_chart_set_series_width	32	static
lv_chart.c:393:6:lv_chart_set_series_darking	32	static
lv_chart.c:410:6:lv_chart_init_points	40	static
lv_chart.c:430:6:lv_chart_set_points	40	static
lv_chart.c:447:6:lv_chart_set_next	40	static
lv_chart.c:476:6:lv_chart_set_update_mode	32	static
lv_chart.c:495:6:lv_chart_set_x_tick_length	32	static
lv_chart.c:512:6:lv_chart_set_y_tick_length	32	static
lv_chart.c:529:6:lv_chart_set_secondary_y_tick_length	32	static
lv_chart.c:546:6:lv_chart_set_x_tick_texts	40	static
lv_chart.c:566:6:lv_chart_set_y_tick_texts	40	static
lv_chart.c:586:6:lv_chart_set_secondary_y_tick_texts	40	static
lv_chart.c:603:6:lv_chart_set_margin	32	static
lv_chart.c:621:17:lv_chart_get_type	32	static
lv_chart.c:634:10:lv_chart_get_point_cnt	32	static
lv_chart.c:647:10:lv_chart_get_series_opa	32	static
lv_chart.c:660:12:lv_chart_get_series_width	32	static
lv_chart.c:673:10:lv_chart_get_series_darking	32	static
lv_chart.c:689:6:lv_chart_refresh	24	static
lv_chart.c:701:10:lv_chart_get_margin	32	static
lv_chart.c:723:13:lv_chart_design	56	static
lv_chart.c:762:17:lv_chart_signal	40	static
lv_chart.c:792:13:lv_chart_draw_div	56	static
lv_chart.c:853:13:lv_chart_draw_lines	128	static
lv_chart.c:914:13:lv_chart_draw_points	128	static
lv_chart.c:970:13:lv_chart_draw_cols	144	static
lv_chart.c:1032:13:lv_chart_draw_vertical_lines	128	static
lv_chart.c:1097:13:lv_chart_draw_areas	136	static
lv_chart.c:1163:34:lv_chart_create_label_iter	40	static
lv_chart.c:1193:13:lv_chart_get_next_label	24	static
lv_chart.c:1257:20:lv_chart_is_tick_with_label	16	static
lv_chart.c:1262:13:lv_chart_draw_y_ticks	160	static
lv_chart.c:1390:13:lv_chart_draw_x_ticks	144	static
lv_chart.c:1475:13:lv_chart_draw_axes	16	static
lv_chart.c:1486:13:lv_chart_inv_lines	32	static
lv_chart.c:1515:13:lv_chart_inv_points	32	static
lv_chart.c:1536:13:lv_chart_inv_cols	40	static
