lv_font.h:124:23:lv_font_get_line_height	16	static
lv_area.h:76:20:lv_area_copy	16	static
lv_area.h:86:26:lv_area_get_width	16	static
lv_calendar.c:76:12:lv_calendar_create	40	static
lv_calendar.c:198:6:lv_calendar_set_today_date	32	static
lv_calendar.c:217:6:lv_calendar_set_showed_date	32	static
lv_calendar.c:237:6:lv_calendar_set_highlighted_dates	40	static
lv_calendar.c:256:6:lv_calendar_set_day_names	32	static
lv_calendar.c:273:6:lv_calendar_set_month_names	32	static
lv_calendar.c:289:6:lv_calendar_set_style	40	static
lv_calendar.c:318:22:lv_calendar_get_today_date	32	static
lv_calendar.c:331:22:lv_calendar_get_showed_date	32	static
lv_calendar.c:345:22:lv_calendar_get_pressed_date	32	static
lv_calendar.c:358:22:lv_calendar_get_highlighted_dates	32	static
lv_calendar.c:371:10:lv_calendar_get_highlighted_dates_num	32	static
lv_calendar.c:384:15:lv_calendar_get_day_names	32	static
lv_calendar.c:397:15:lv_calendar_get_month_names	32	static
lv_calendar.c:411:20:lv_calendar_get_style	32	static
lv_calendar.c:455:13:lv_calendar_design	40	static
lv_calendar.c:485:17:lv_calendar_signal	72	static
lv_calendar.c:594:13:calculate_touched_day	56	static
lv_calendar.c:644:19:get_header_height	24	static
lv_calendar.c:657:19:get_day_names_height	24	static
lv_calendar.c:670:13:draw_header	136	static
lv_calendar.c:713:13:draw_day_names	72	static
lv_calendar.c:740:13:draw_days	128	static
lv_calendar.c:881:13:is_highlighted	32	static
lv_calendar.c:904:21:get_day_name	24	static
lv_calendar.c:921:21:get_month_name	24	static
lv_calendar.c:940:16:get_month_length	16	static
lv_calendar.c:961:16:is_leap_year	16	static
lv_calendar.c:973:16:get_day_of_week	40	static
