lv_cont.h:121:20:lv_cont_set_fit2	24	static
lv_cont.h:132:20:lv_cont_set_fit	24	static
lv_page.h:188:20:lv_page_set_scrl_fit2	16	static
lv_page.h:229:20:lv_page_set_scrl_layout	16	static
lv_page.h:306:27:lv_page_get_scrl_layout	16	static
lv_btn.h:151:20:lv_btn_set_layout	16	static
lv_btn.h:177:20:lv_btn_set_fit2	16	static
lv_btn.h:188:20:lv_btn_set_fit	16	static
lv_list.h:151:20:lv_list_set_sb_mode	16	static
lv_list.h:314:24:lv_list_get_anim_time	16	static
lv_list.c:69:12:lv_list_create	56	static
lv_list.c:157:6:lv_list_clean	32	static
lv_list.c:178:12:lv_list_add_btn	56	static
lv_list.c:246:6:lv_list_remove	40	static
lv_list.c:275:6:lv_list_set_single_mode	32	static
lv_list.c:292:6:lv_list_set_btn_selected	32	static
lv_list.c:334:6:lv_list_set_style	48	static
lv_list.c:388:7:lv_list_set_layout	32	static
lv_list.c:423:6:lv_list_get_single_mode	32	static
lv_list.c:437:14:lv_list_get_btn_text	32	static
lv_list.c:451:12:lv_list_get_btn_label	32	static
lv_list.c:471:12:lv_list_get_btn_img	32	static
lv_list.c:496:12:lv_list_get_prev_btn	32	static
lv_list.c:523:12:lv_list_get_next_btn	32	static
lv_list.c:550:9:lv_list_get_btn_index	32	static
lv_list.c:576:10:lv_list_get_size	32	static
lv_list.c:590:12:lv_list_get_btn_selected	32	static
lv_list.c:604:13:lv_list_get_layout	24	static
lv_list.c:617:20:lv_list_get_style	32	static
lv_list.c:648:6:lv_list_up	80	static
lv_list.c:695:6:lv_list_down	72	static
lv_list.c:738:6:lv_list_focus	32	static
lv_list.c:762:17:lv_list_signal	96	static
lv_list.c:910:17:lv_list_btn_signal	64	static
lv_list.c:970:13:lv_list_btn_single_select	24	static
lv_list.c:989:13:lv_list_is_list_btn	56	static
lv_list.c:1006:13:lv_list_is_list_label	56	static
lv_list.c:1023:13:lv_list_is_list_img	56	static
