lv_font.h:124:23:lv_font_get_line_height	16	static
lv_area.h:86:26:lv_area_get_width	16	static
lv_area.h:96:26:lv_area_get_height	16	static
lv_label.h:201:20:lv_label_set_style	24	static
lv_label.h:299:34:lv_label_get_style	16	static
lv_label.c:74:12:lv_label_create	40	static
lv_label.c:175:6:lv_label_set_text	32	static
lv_label.c:222:6:lv_label_set_text_fmt	36	static
lv_label.c:272:6:lv_label_set_array_text	40	static
lv_label.c:308:6:lv_label_set_static_text	32	static
lv_label.c:334:6:lv_label_set_long_mode	32	static
lv_label.c:369:6:lv_label_set_align	32	static
lv_label.c:387:6:lv_label_set_recolor	32	static
lv_label.c:405:6:lv_label_set_body_draw	32	static
lv_label.c:424:6:lv_label_set_anim_speed	32	static
lv_label.c:443:6:lv_label_set_text_sel_start	24	static
lv_label.c:457:6:lv_label_set_text_sel_end	24	static
lv_label.c:480:8:lv_label_get_text	32	static
lv_label.c:494:22:lv_label_get_long_mode	32	static
lv_label.c:507:18:lv_label_get_align	32	static
lv_label.c:535:6:lv_label_get_recolor	32	static
lv_label.c:548:6:lv_label_get_body_draw	32	static
lv_label.c:561:10:lv_label_get_anim_speed	32	static
lv_label.c:581:6:lv_label_get_letter_pos	88	static
lv_label.c:680:10:lv_label_get_letter_on	104	static
lv_label.c:801:10:lv_label_get_text_sel_start	24	static
lv_label.c:820:10:lv_label_get_text_sel_end	24	static
lv_label.c:839:6:lv_label_is_char_under_pos	104	static
lv_label.c:937:6:lv_label_ins_text	48	static
lv_label.c:972:6:lv_label_cut_text	40	static
lv_label.c:1005:13:lv_label_design	120	static
lv_label.c:1106:17:lv_label_signal	48	static
lv_label.c:1163:13:lv_label_refr_text	128	static
lv_label.c:1337:13:lv_label_revert_dots	40	static
lv_label.c:1359:13:lv_label_set_offset_x	24	static
lv_label.c:1366:13:lv_label_set_offset_y	24	static
lv_label.c:1381:13:lv_label_set_dot_tmp	32	static
lv_label.c:1409:15:lv_label_get_dot_tmp	24	static
lv_label.c:1424:13:lv_label_dot_tmp_free	24	static
