lv_font.h:124:23:lv_font_get_line_height	16	static
lv_area.h:86:26:lv_area_get_width	16	static
lv_cont.h:121:20:lv_cont_set_fit2	24	static
lv_cont.h:132:20:lv_cont_set_fit	24	static
lv_mbox.c:67:12:lv_mbox_create	48	static
lv_mbox.c:142:6:lv_mbox_add_btns	32	static
lv_mbox.c:180:6:lv_mbox_set_text	32	static
lv_mbox.c:196:6:lv_mbox_set_anim_time	32	static
lv_mbox.c:215:6:lv_mbox_start_auto_close	64	static
lv_mbox.c:271:6:lv_mbox_stop_auto_close	24	static
lv_mbox.c:288:6:lv_mbox_set_style	40	static
lv_mbox.c:312:6:lv_mbox_set_recolor	32	static
lv_mbox.c:330:14:lv_mbox_get_text	32	static
lv_mbox.c:345:10:lv_mbox_get_active_btn	32	static
lv_mbox.c:362:14:lv_mbox_get_active_btn_text	32	static
lv_mbox.c:378:10:lv_mbox_get_anim_time	32	static
lv_mbox.c:397:20:lv_mbox_get_style	32	static
lv_mbox.c:423:6:lv_mbox_get_recolor	32	static
lv_mbox.c:440:12:lv_mbox_get_btnm	32	static
lv_mbox.c:459:17:lv_mbox_signal	64	static
lv_mbox.c:521:13:mbox_realign	40	static
lv_mbox.c:543:13:lv_mbox_close_ready_cb	16	static
lv_mbox.c:549:13:lv_mbox_default_event_cb	24	static
lv_mbox.c:559:13:lv_mbox_btnm_event_cb	24	static
