lv_font.h:124:23:lv_font_get_line_height	16	static
lv_area.h:76:20:lv_area_copy	16	static
lv_area.h:86:26:lv_area_get_width	16	static
lv_area.h:96:26:lv_area_get_height	16	static
lv_cont.h:121:20:lv_cont_set_fit2	24	static
lv_page.h:188:20:lv_page_set_scrl_fit2	16	static
lv_label.h:201:20:lv_label_set_style	24	static
lv_label.h:299:34:lv_label_get_style	16	static
lv_ta.h:239:20:lv_ta_set_sb_mode	16	static
lv_ta.h:260:20:lv_ta_set_edge_flash	16	static
lv_ta.h:393:20:lv_ta_get_edge_flash	16	static
lv_ta.c:84:12:lv_ta_create	80	static
lv_ta.c:227:6:lv_ta_add_char	80	static
lv_ta.c:317:6:lv_ta_add_text	80	static
lv_ta.c:399:6:lv_ta_del_char	48	static
lv_ta.c:455:6:lv_ta_del_char_forward	32	static
lv_ta.c:473:6:lv_ta_set_text	80	static
lv_ta.c:541:6:lv_ta_set_placeholder_text	32	static
lv_ta.c:574:6:lv_ta_set_cursor_pos	104	static
lv_ta.c:652:6:lv_ta_set_cursor_type	32	static
lv_ta.c:669:6:lv_ta_set_cursor_click_pos	32	static
lv_ta.c:682:6:lv_ta_set_pwd_mode	48	static
lv_ta.c:728:6:lv_ta_set_one_line	48	static
lv_ta.c:771:6:lv_ta_set_text_align	32	static
lv_ta.c:808:6:lv_ta_set_accepted_chars	32	static
lv_ta.c:822:6:lv_ta_set_max_length	32	static
lv_ta.c:839:6:lv_ta_set_insert_replace	24	static
lv_ta.c:853:6:lv_ta_set_style	40	static
lv_ta.c:879:6:lv_ta_set_text_sel	24	static
lv_ta.c:900:6:lv_ta_set_pwd_show_time	32	static
lv_ta.c:917:6:lv_ta_set_cursor_blink_time	64	static
lv_ta.c:962:14:lv_ta_get_text	32	static
lv_ta.c:983:14:lv_ta_get_placeholder_text	32	static
lv_ta.c:1001:12:lv_ta_get_label	32	static
lv_ta.c:1014:10:lv_ta_get_cursor_pos	32	static
lv_ta.c:1027:18:lv_ta_get_cursor_type	32	static
lv_ta.c:1040:6:lv_ta_get_cursor_click_pos	32	static
lv_ta.c:1053:6:lv_ta_get_pwd_mode	32	static
lv_ta.c:1066:6:lv_ta_get_one_line	32	static
lv_ta.c:1079:14:lv_ta_get_accepted_chars	32	static
lv_ta.c:1093:10:lv_ta_get_max_length	32	static
lv_ta.c:1107:20:lv_ta_get_style	32	static
lv_ta.c:1133:6:lv_ta_text_is_selected	24	static
lv_ta.c:1157:6:lv_ta_get_text_sel_en	24	static
lv_ta.c:1175:10:lv_ta_get_pwd_show_time	32	static
lv_ta.c:1189:10:lv_ta_get_cursor_blink_time	32	static
lv_ta.c:1205:6:lv_ta_clear_selection	24	static
lv_ta.c:1226:6:lv_ta_cursor_right	32	static
lv_ta.c:1239:6:lv_ta_cursor_left	32	static
lv_ta.c:1254:6:lv_ta_cursor_down	48	static
lv_ta.c:1286:6:lv_ta_cursor_up	48	static
lv_ta.c:1324:13:lv_ta_design	24	static
lv_ta.c:1349:13:lv_ta_scrollable_design	152	static
lv_ta.c:1415:17:lv_ta_signal	96	static
lv_ta.c:1540:17:lv_ta_scrollable_signal	56	static
lv_ta.c:1586:13:cursor_blink_anim	32	static
lv_ta.c:1611:13:pwd_char_hider_anim	16	static
lv_ta.c:1621:13:pwd_char_hider_anim_ready	24	static
lv_ta.c:1632:13:pwd_char_hider	32	static
lv_ta.c:1657:13:char_is_accepted	40	static
lv_ta.c:1684:13:get_cursor_style	32	static
lv_ta.c:1713:13:refr_cursor_area	136	static
lv_ta.c:1813:13:placeholder_update	40	static
lv_ta.c:1836:13:update_cursor_position_on_click	56	static
