lv_font.h:124:23:lv_font_get_line_height	16	static
lv_area.h:86:26:lv_area_get_width	16	static
lv_table.c:55:12:lv_table_create	48	static
lv_table.c:135:6:lv_table_set_cell_value	48	static
lv_table.c:180:6:lv_table_set_row_cnt	40	static
lv_table.c:210:6:lv_table_set_col_cnt	40	static
lv_table.c:245:6:lv_table_set_col_width	32	static
lv_table.c:266:6:lv_table_set_cell_align	48	static
lv_table.c:296:6:lv_table_set_cell_type	48	static
lv_table.c:329:6:lv_table_set_cell_crop	48	static
lv_table.c:359:6:lv_table_set_cell_merge_right	48	static
lv_table.c:390:6:lv_table_set_style	40	static
lv_table.c:431:14:lv_table_get_cell_value	32	static
lv_table.c:452:10:lv_table_get_row_cnt	32	static
lv_table.c:465:10:lv_table_get_col_cnt	32	static
lv_table.c:479:12:lv_table_get_col_width	32	static
lv_table.c:500:18:lv_table_get_cell_align	40	static
lv_table.c:527:18:lv_table_get_cell_type	40	static
lv_table.c:554:18:lv_table_get_cell_crop	40	static
lv_table.c:581:6:lv_table_get_cell_merge_right	40	static
lv_table.c:608:20:lv_table_get_style	32	static
lv_table.c:641:13:lv_table_design	136	static
lv_table.c:784:17:lv_table_signal	32	static
lv_table.c:810:13:refr_size	32	static
lv_table.c:834:19:get_row_height	80	static
