lv_font.h:124:23:lv_font_get_line_height	16	static
lv_area.h:86:26:lv_area_get_width	16	static
lv_area.h:96:26:lv_area_get_height	16	static
lv_cont.h:121:20:lv_cont_set_fit2	24	static
lv_cont.h:143:20:lv_cont_set_style	24	static
lv_tabview.c:71:12:lv_tabview_create	64	static
lv_tabview.c:196:6:lv_tabview_clean	32	static
lv_tabview.c:214:12:lv_tabview_add_tab	56	static
lv_tabview.c:337:6:lv_tabview_set_tab_act	88	static
lv_tabview.c:471:6:lv_tabview_set_sliding	32	static
lv_tabview.c:484:6:lv_tabview_set_anim_time	32	static
lv_tabview.c:503:6:lv_tabview_set_style	40	static
lv_tabview.c:542:6:lv_tabview_set_btns_pos	32	static
lv_tabview.c:557:6:lv_tabview_set_btns_hidden	32	static
lv_tabview.c:576:10:lv_tabview_get_tab_act	32	static
lv_tabview.c:589:10:lv_tabview_get_tab_count	32	static
lv_tabview.c:603:12:lv_tabview_get_tab	40	static
lv_tabview.c:626:6:lv_tabview_get_sliding	32	static
lv_tabview.c:639:10:lv_tabview_get_anim_time	32	static
lv_tabview.c:658:20:lv_tabview_get_style	32	static
lv_tabview.c:682:23:lv_tabview_get_btns_pos	32	static
lv_tabview.c:695:6:lv_tabview_get_btns_hidden	32	static
lv_tabview.c:715:17:lv_tabview_signal	56	static
lv_tabview.c:790:17:tabpage_signal	40	static
lv_tabview.c:821:17:tabpage_scrl_signal	40	static
lv_tabview.c:852:13:tabpage_pressed_handler	24	static
lv_tabview.c:866:13:tabpage_pressing_handler	64	static
lv_tabview.c:939:13:tabpage_press_lost_handler	56	static
lv_tabview.c:991:13:tab_btnm_event_cb	32	static
lv_tabview.c:1017:13:tabview_realign	56	static
