lv_area.h:86:26:lv_area_get_width	16	static
lv_area.h:96:26:lv_area_get_height	16	static
lv_page.h:229:20:lv_page_set_scrl_layout	16	static
lv_page.h:306:27:lv_page_get_scrl_layout	16	static
lv_win.c:50:12:lv_win_create	48	static
lv_win.c:153:6:lv_win_clean	32	static
lv_win.c:171:12:lv_win_add_btn	40	static
lv_win.c:201:6:lv_win_close_event_cb	32	static
lv_win.c:217:6:lv_win_set_title	32	static
lv_win.c:233:6:lv_win_set_btn_size	32	static
lv_win.c:251:6:lv_win_set_content_size	32	static
lv_win.c:266:6:lv_win_set_layout	32	static
lv_win.c:279:6:lv_win_set_sb_mode	32	static
lv_win.c:291:6:lv_win_set_anim_time	24	static
lv_win.c:304:6:lv_win_set_style	40	static
lv_win.c:345:6:lv_win_set_drag	32	static
lv_win.c:364:14:lv_win_get_title	32	static
lv_win.c:377:12:lv_win_get_content	32	static
lv_win.c:390:12:lv_win_get_btn_size	32	static
lv_win.c:404:12:lv_win_get_from_btn	32	static
lv_win.c:419:13:lv_win_get_layout	32	static
lv_win.c:432:14:lv_win_get_sb_mode	32	static
lv_win.c:445:10:lv_win_get_anim_time	24	static
lv_win.c:457:12:lv_win_get_width	40	static
lv_win.c:474:20:lv_win_get_style	32	static
lv_win.c:504:6:lv_win_focus	40	static
lv_win.c:525:17:lv_win_signal	56	static
lv_win.c:573:13:lv_win_realign	64	static
