lv_anim.c:57:6:lv_anim_core_init	8	static
lv_anim.c:73:6:lv_anim_init	16	static
lv_anim.c:85:6:lv_anim_create	32	static
lv_anim.c:117:6:lv_anim_del	32	static
lv_anim.c:145:10:lv_anim_count_running	16	static
lv_anim.c:161:10:lv_anim_speed_to_time	24	static
lv_anim.c:180:17:lv_anim_path_linear	24	static
lv_anim.c:205:17:lv_anim_path_ease_in	40	static
lv_anim.c:229:17:lv_anim_path_ease_out	40	static
lv_anim.c:254:17:lv_anim_path_ease_in_out	40	static
lv_anim.c:279:17:lv_anim_path_overshoot	40	static
lv_anim.c:304:17:lv_anim_path_bounce	40	static
lv_anim.c:362:17:lv_anim_path_step	16	static
lv_anim.c:378:13:anim_task	32	static
lv_anim.c:435:13:anim_ready_handler	56	static
