lv_color.h:480:26:lv_color_make	16	static
lv_img_decoder.c:63:6:lv_img_decoder_init	24	static
lv_img_decoder.c:90:10:lv_img_decoder_get_info	24	static
lv_img_decoder.c:120:10:lv_img_decoder_open	40	static
lv_img_decoder.c:171:10:lv_img_decoder_read_line	48	static
lv_img_decoder.c:183:6:lv_img_decoder_close	16	static
lv_img_decoder.c:199:20:lv_img_decoder_create	24	static
lv_img_decoder.c:215:6:lv_img_decoder_delete	16	static
lv_img_decoder.c:226:6:lv_img_decoder_set_info_cb	16	static
lv_img_decoder.c:236:6:lv_img_decoder_set_open_cb	16	static
lv_img_decoder.c:246:6:lv_img_decoder_set_read_line_cb	16	static
lv_img_decoder.c:256:6:lv_img_decoder_set_close_cb	16	static
lv_img_decoder.c:268:10:lv_img_decoder_built_in_info	40	static
lv_img_decoder.c:317:10:lv_img_decoder_built_in_open	72	static
lv_img_decoder.c:465:10:lv_img_decoder_built_in_read_line	40	static
lv_img_decoder.c:499:6:lv_img_decoder_built_in_close	24	static
lv_img_decoder.c:524:17:lv_img_decoder_built_in_line_true_color	48	static
lv_img_decoder.c:554:17:lv_img_decoder_built_in_line_alpha	576	static
lv_img_decoder.c:662:17:lv_img_decoder_built_in_line_indexed	552	static
