lv_color.h:435:26:lv_color_mix	24	static
lv_group.c:54:6:lv_group_init	8	static
lv_group.c:63:14:lv_group_create	24	static
lv_group.c:92:6:lv_group_del	24	static
lv_group.c:117:6:lv_group_add_obj	32	static
lv_group.c:157:6:lv_group_remove_obj	24	static
lv_group.c:199:6:lv_group_remove_all_objs	24	static
lv_group.c:222:6:lv_group_focus_obj	32	static
lv_group.c:265:6:lv_group_focus_next	16	static
lv_group.c:274:6:lv_group_focus_prev	16	static
lv_group.c:284:6:lv_group_focus_freeze	16	static
lv_group.c:298:10:lv_group_send_data	24	static
lv_group.c:319:6:lv_group_set_style_mod_cb	16	static
lv_group.c:330:6:lv_group_set_style_mod_edit_cb	16	static
lv_group.c:341:6:lv_group_set_focus_cb	16	static
lv_group.c:351:6:lv_group_set_editing	32	static
lv_group.c:374:6:lv_group_set_click_focus	16	static
lv_group.c:379:6:lv_group_set_refocus_policy	16	static
lv_group.c:389:6:lv_group_set_wrap	16	static
lv_group.c:400:14:lv_group_mod_style	16	static
lv_group.c:418:12:lv_group_get_focused	16	static
lv_group.c:443:25:lv_group_get_style_mod_cb	16	static
lv_group.c:454:25:lv_group_get_style_mod_edit_cb	16	static
lv_group.c:465:21:lv_group_get_focus_cb	16	static
lv_group.c:476:6:lv_group_get_editing	16	static
lv_group.c:487:6:lv_group_get_click_focus	16	static
lv_group.c:498:6:lv_group_get_wrap	16	static
lv_group.c:509:6:lv_group_report_style_mod	24	static
lv_group.c:529:13:lv_group_refocus	24	static
lv_group.c:548:13:style_mod_def	40	static
lv_group.c:584:13:style_mod_edit_def	40	static
lv_group.c:616:13:refresh_theme	16	static
lv_group.c:626:13:focus_next_core	40	static
lv_group.c:692:13:obj_to_foreground	24	static
