lv_area.h:76:20:lv_area_copy	16	static
lv_area.h:86:26:lv_area_get_width	16	static
lv_area.h:96:26:lv_area_get_height	16	static
lv_obj.c:79:6:lv_init	8	static
lv_obj.c:135:12:lv_obj_create	40	static
lv_obj.c:400:10:lv_obj_del	48	static
lv_obj.c:485:6:lv_obj_del_async	24	static
lv_obj.c:495:6:lv_obj_clean	32	static
lv_obj.c:513:6:lv_obj_invalidate	56	static
lv_obj.c:562:6:lv_obj_set_parent	32	static
lv_obj.c:602:6:lv_obj_move_foreground	32	static
lv_obj.c:625:6:lv_obj_move_background	32	static
lv_obj.c:654:6:lv_obj_set_pos	40	static
lv_obj.c:703:6:lv_obj_set_x	24	static
lv_obj.c:715:6:lv_obj_set_y	24	static
lv_obj.c:728:6:lv_obj_set_size	40	static
lv_obj.c:783:6:lv_obj_set_width	24	static
lv_obj.c:795:6:lv_obj_set_height	24	static
lv_obj.c:810:6:lv_obj_align	48	static
lv_obj.c:960:6:lv_obj_align_origo	56	static
lv_obj.c:1109:6:lv_obj_realign	32	static
lv_obj.c:1130:6:lv_obj_set_auto_realign	24	static
lv_obj.c:1154:6:lv_obj_set_ext_click_area	32	static
lv_obj.c:1184:6:lv_obj_set_style	24	static
lv_obj.c:1202:6:lv_obj_refresh_style	24	static
lv_obj.c:1216:6:lv_obj_report_style_mod	32	static
lv_obj.c:1245:6:lv_obj_set_hidden	32	static
lv_obj.c:1264:6:lv_obj_set_click	24	static
lv_obj.c:1277:6:lv_obj_set_top	24	static
lv_obj.c:1289:6:lv_obj_set_drag	24	static
lv_obj.c:1302:6:lv_obj_set_drag_dir	24	static
lv_obj.c:1316:6:lv_obj_set_drag_throw	24	static
lv_obj.c:1329:6:lv_obj_set_drag_parent	24	static
lv_obj.c:1341:6:lv_obj_set_parent_event	24	static
lv_obj.c:1348:6:lv_obj_set_base_dir	16	static
lv_obj.c:1370:6:lv_obj_set_opa_scale_enable	24	static
lv_obj.c:1385:6:lv_obj_set_opa_scale	24	static
lv_obj.c:1398:6:lv_obj_set_protect	24	static
lv_obj.c:1410:6:lv_obj_clear_protect	24	static
lv_obj.c:1424:6:lv_obj_set_event_cb	24	static
lv_obj.c:1438:10:lv_event_send	40	static
lv_obj.c:1459:10:lv_event_send_func	56	static
lv_obj.c:1514:14:lv_event_get_data	4	static
lv_obj.c:1525:6:lv_obj_set_signal_cb	24	static
lv_obj.c:1537:6:lv_signal_send	32	static
lv_obj.c:1549:6:lv_obj_set_design_cb	24	static
lv_obj.c:1566:8:lv_obj_allocate_ext_attr	24	static
lv_obj.c:1579:6:lv_obj_refresh_ext_draw_pad	24	static
lv_obj.c:1598:12:lv_obj_get_screen	32	static
lv_obj.c:1618:13:lv_obj_get_disp	40	static
lv_obj.c:1652:12:lv_obj_get_parent	24	static
lv_obj.c:1666:12:lv_obj_get_child	32	static
lv_obj.c:1688:12:lv_obj_get_child_back	32	static
lv_obj.c:1708:10:lv_obj_count_children	32	static
lv_obj.c:1724:10:lv_obj_count_children_recursive	32	static
lv_obj.c:1749:6:lv_obj_get_coords	24	static
lv_obj.c:1761:6:lv_obj_get_inner_coords	32	static
lv_obj.c:1780:12:lv_obj_get_x	32	static
lv_obj.c:1799:12:lv_obj_get_y	32	static
lv_obj.c:1818:12:lv_obj_get_width	24	static
lv_obj.c:1830:12:lv_obj_get_height	24	static
lv_obj.c:1842:12:lv_obj_get_width_fit	32	static
lv_obj.c:1856:12:lv_obj_get_height_fit	32	static
lv_obj.c:1870:6:lv_obj_get_auto_realign	24	static
lv_obj.c:1887:12:lv_obj_get_ext_click_pad_left	24	static
lv_obj.c:1906:12:lv_obj_get_ext_click_pad_right	24	static
lv_obj.c:1925:12:lv_obj_get_ext_click_pad_top	24	static
lv_obj.c:1944:12:lv_obj_get_ext_click_pad_bottom	24	static
lv_obj.c:1963:12:lv_obj_get_ext_draw_pad	24	static
lv_obj.c:1979:20:lv_obj_get_style	40	static
lv_obj.c:2029:6:lv_obj_get_hidden	24	static
lv_obj.c:2041:6:lv_obj_get_click	24	static
lv_obj.c:2053:6:lv_obj_get_top	24	static
lv_obj.c:2065:6:lv_obj_get_drag	24	static
lv_obj.c:2077:15:lv_obj_get_drag_dir	24	static
lv_obj.c:2089:6:lv_obj_get_drag_throw	24	static
lv_obj.c:2101:6:lv_obj_get_drag_parent	16	static
lv_obj.c:2111:6:lv_obj_get_parent_event	24	static
lv_obj.c:2119:15:lv_obj_get_base_dir	16	static
lv_obj.c:2143:10:lv_obj_get_opa_scale_enable	24	static
lv_obj.c:2155:10:lv_obj_get_opa_scale	32	static
lv_obj.c:2174:9:lv_obj_get_protect	24	static
lv_obj.c:2187:6:lv_obj_is_protected	24	static
lv_obj.c:2199:16:lv_obj_get_signal_cb	24	static
lv_obj.c:2211:16:lv_obj_get_design_cb	24	static
lv_obj.c:2223:15:lv_obj_get_event_cb	24	static
lv_obj.c:2240:8:lv_obj_get_ext_attr	24	static
lv_obj.c:2253:6:lv_obj_get_type	64	static
lv_obj.c:2322:8:lv_obj_get_group	24	static
lv_obj.c:2334:6:lv_obj_is_focused	24	static
lv_obj.c:2358:10:lv_obj_handle_get_type_signal	24	static
lv_obj.c:2373:13:lv_obj_del_async_cb	24	static
lv_obj.c:2389:13:lv_obj_design	56	static
lv_obj.c:2435:17:lv_obj_signal	32	static
lv_obj.c:2459:13:refresh_children_position	24	static
lv_obj.c:2478:13:report_style_mod_core	24	static
lv_obj.c:2497:13:refresh_children_style	24	static
lv_obj.c:2516:13:delete_children	40	static
lv_obj.c:2582:13:base_dir_refr_children	24	static
lv_obj.c:2598:13:lv_event_mark_deleted	24	static
